// Jest Snapshot v1, https://goo.gl/fbAQLP

exports[`BarrelGenerator should generate 1`] = `
"/* istanbul ignore file */
/**
 * This file is generated by the openapi-ts-generator
 * #generate-barrel-ts.hbs
 * For issues or feature request, visit the repo: https://github.com/ikemtz/openapi-ts-generator
 * Do not edit.
 */
/* tslint:disable */
"
`;
