// Jest Snapshot v1, https://goo.gl/fbAQLP

exports[`EndPointsGenerator should generate files 1`] = `
Array [
  Object {
    "endpoint": "api/v1/Lookup.{format}",
    "tag": "lookup",
  },
  Object {
    "endpoint": "api/v1/Lookup.{format}",
    "tag": "lookup_dupe",
  },
  Object {
    "endpoint": "api/v1/Lookup.{format}/GetLookup1",
    "tag": "lookup_GetLookup1",
  },
  Object {
    "endpoint": "api/v1/Lookup.{format}/GetLookup2",
    "tag": "lookup_GetLookup2",
  },
]
`;
